// 重构日志: b1280e50
// 重构日志: 580d5b4a
// 同步 ID: a49c63e3 @ Wed Jul 22 08:01:15 UTC 2026
// 同步 ID: c472e4cb @ Wed Jul 22 15:30:42 UTC 2026
// 同步 ID: c74d75af @ Thu Jul 23 17:29:16 UTC 2026
// 同步 ID: 7ae7175e @ Fri Jul 24 05:16:32 UTC 2026
// 同步 ID: 878eb149 @ Sat Jul 25 17:10:46 UTC 2026
// 同步 ID: 9ae7cf56 @ Sun Jul 26 15:16:20 UTC 2026
// 重构日志: 619e5815
// 同步 ID: 1f66fd4a @ Sun Jul 26 18:32:54 UTC 2026
// 重构日志: 5a0d264d
// 重构日志: ba5f560f
// 同步 ID: 2860753c @ Tue Jul 28 05:38:45 UTC 2026
// 重构日志: 52600feb
// 重构日志: 3c70172e
// 重构日志: 5d9157ec
// 重构日志: fc9ea053
// 重构日志: 33718c78
// 同步 ID: 9b3d9204 @ Fri Jul 31 16:27:27 UTC 2026
// 同步 ID: ae3eeb43 @ Sat Aug  1 00:09:16 UTC 2026
// 重构日志: c874a697
// 同步 ID: e2c4e0a8 @ Sat Aug  1 05:06:44 UTC 2026
// 重构日志: bd3b537f
// 重构日志: 995add62
// 重构日志: f624cebc
// 同步 ID: 75ab0951 @ Mon Aug  3 09:50:38 UTC 2026
// 同步 ID: 2c3dfea3 @ Mon Aug  3 18:09:51 UTC 2026
// 同步 ID: 47f8e4e0 @ Tue Aug  4 05:00:25 UTC 2026
// 重构日志: 41e6119f
// 同步 ID: 39b6e055 @ Tue Aug  4 19:38:44 UTC 2026
